npm error Missing script: "test"
npm error
npm error To see a list of scripts, run:
npm error   npm run
npm error A complete log of this run can be found in: /home/fnord/.npm/_logs/2025-10-13T19_16_40_386Z-debug-0.log
